// Jest Snapshot v1, https://goo.gl/fbAQLP

exports[`FileList Renders provided files 1`] = `
<ListList
  className="ui selection relaxed"
>
  <ListItem
    key="file-1"
    onMouseEnter={[Function]}
    onMouseLeave={[Function]}
    style={
      Object {
        "display": "flex",
        "paddingBottom": "0.4em",
        "paddingTop": "0.4em",
      }
    }
  >
    <ListIcon
      name="file"
    />
    <ListContent
      onClick={[Function]}
    >
      Sample File
    </ListContent>
    <Button
      as="button"
      basic={true}
      floated="right"
      icon={true}
      onClick={[Function]}
      size="mini"
      style={
        Object {
          "visibility": "hidden",
        }
      }
    >
      <Icon
        as="i"
        name="info circle"
      />
    </Button>
  </ListItem>
</ListList>
`;
