// Jest Snapshot v1, https://goo.gl/fbAQLP

exports[`SectionList Renders provided sections 1`] = `
<List
  divided={true}
  relaxed={true}
  style={
    Object {
      "flexGrow": 1,
      "height": "96%",
      "overflowY": "auto",
    }
  }
>
  <ListItem
    key="section-1"
    onMouseEnter={[Function]}
    onMouseLeave={[Function]}
    style={
      Object {
        "display": "flex",
        "paddingBottom": "0.4em",
        "paddingTop": "0.4em",
      }
    }
  >
    <ListIcon
      name="folder"
    />
    <ListContent>
      Sample Section
      <Connect(FileList)
        mobile={false}
        section="1"
      />
    </ListContent>
    <Button
      as="button"
      floated="right"
      icon={true}
      onClick={[Function]}
      size="mini"
      style={
        Object {
          "visibility": "hidden",
        }
      }
    >
      <Icon
        as="i"
        name="info circle"
      />
    </Button>
  </ListItem>
</List>
`;
